../Core/Src/main.c:119:5:main	8	static
../Core/Src/main.c:219:6:SystemClock_Config	88	static
../Core/Src/main.c:259:13:MX_TIM1_Init	96	static
../Core/Src/main.c:332:13:MX_TIM2_Init	56	static
../Core/Src/main.c:381:13:MX_TIM3_Init	56	static
../Core/Src/main.c:430:13:MX_TIM8_Init	96	static
../Core/Src/main.c:508:13:MX_USART3_UART_Init	8	static
../Core/Src/main.c:541:13:MX_GPIO_Init	48	static
../Core/Src/main.c:587:6:StartDefaultTask	40	static
../Core/Src/main.c:610:6:Display	40	static
../Core/Src/main.c:631:6:LeftMotor	80	static
../Core/Src/main.c:744:6:RightMotor	80	static
../Core/Src/main.c:854:6:EncoderL	16	static
../Core/Src/main.c:869:6:Error_Handler	4	static,ignoring_inline_asm
