../Core/Src/main.c:814:6:StartDefaultTask	32	static
../Core/Src/main.c:838:6:Display	32	static
../Core/Src/main.c:863:6:LeftMotor	136	static
../Core/Src/main.c:1635:6:GyroFunc	88	static
../Core/Src/main.c:148:6:delay	0	static
../Core/Src/main.c:154:6:HAL_TIM_IC_CaptureCallback	24	static
../Core/Src/main.c:203:6:HCSR04_Read	8	static
../Core/Src/main.c:1754:6:sonic_sensor	32	static
../Core/Src/main.c:325:6:SystemClock_Config	88	static,ignoring_inline_asm
../Core/Src/main.c:217:5:main	128	static,ignoring_inline_asm
../Core/Src/main.c:799:9:is_right	0	static
../Core/Src/main.c:1773:6:Error_Handler	0	static,ignoring_inline_asm
