../Core/Src/main.c:136:5:main	8	static
../Core/Src/main.c:239:6:SystemClock_Config	88	static
../Core/Src/main.c:279:13:MX_I2C1_Init	8	static
../Core/Src/main.c:313:13:MX_TIM1_Init	96	static
../Core/Src/main.c:386:13:MX_TIM2_Init	56	static
../Core/Src/main.c:435:13:MX_TIM3_Init	56	static
../Core/Src/main.c:484:13:MX_TIM8_Init	96	static
../Core/Src/main.c:562:13:MX_USART3_UART_Init	8	static
../Core/Src/main.c:593:13:MX_DMA_Init	16	static
../Core/Src/main.c:611:13:MX_GPIO_Init	48	static
../Core/Src/main.c:654:9:is_right	16	static
../Core/Src/main.c:669:6:StartDefaultTask	40	static
../Core/Src/main.c:693:6:Display	40	static
../Core/Src/main.c:718:6:LeftMotor	232	static
../Core/Src/main.c:1102:6:GyroFunc	88	static
../Core/Src/main.c:1252:6:Error_Handler	4	static,ignoring_inline_asm
