../Core/Src/main.c:116:5:main	8	static
../Core/Src/main.c:211:6:SystemClock_Config	88	static
../Core/Src/main.c:251:13:MX_TIM1_Init	96	static
../Core/Src/main.c:324:13:MX_TIM2_Init	56	static
../Core/Src/main.c:373:13:MX_TIM8_Init	96	static
../Core/Src/main.c:451:13:MX_USART3_UART_Init	8	static
../Core/Src/main.c:484:13:MX_GPIO_Init	48	static
../Core/Src/main.c:530:6:StartDefaultTask	40	static
../Core/Src/main.c:553:6:Display	40	static
../Core/Src/main.c:574:6:LeftMotor	72	static
../Core/Src/main.c:850:6:RightMotor	16	static
../Core/Src/main.c:868:6:EncoderL	16	static
../Core/Src/main.c:883:6:Error_Handler	4	static,ignoring_inline_asm
