../Core/Src/main.c:646:6:StartDefaultTask	32	static
../Core/Src/main.c:924:6:RightMotor	8	static
../Core/Src/main.c:670:6:Display	32	static
../Core/Src/main.c:694:6:LeftMotor	72	static
../Core/Src/main.c:942:6:GyroFunc	64	static
../Core/Src/main.c:228:6:SystemClock_Config	88	static,ignoring_inline_asm
../Core/Src/main.c:124:5:main	112	static,ignoring_inline_asm
../Core/Src/main.c:620:9:is_right	0	static
../Core/Src/main.c:626:9:get_heading_error	0	static
../Core/Src/main.c:973:6:Error_Handler	0	static,ignoring_inline_asm
