../Core/Src/stm32f4xx_hal_msp.c:63:6:HAL_MspInit	8	static
../Core/Src/stm32f4xx_hal_msp.c:87:6:HAL_I2C_MspInit	48	static
../Core/Src/stm32f4xx_hal_msp.c:123:6:HAL_I2C_MspDeInit	8	static
../Core/Src/stm32f4xx_hal_msp.c:154:6:HAL_TIM_Base_MspInit	48	static
../Core/Src/stm32f4xx_hal_msp.c:213:6:HAL_TIM_Encoder_MspInit	56	static
../Core/Src/stm32f4xx_hal_msp.c:281:6:HAL_TIM_Base_MspDeInit	0	static
../Core/Src/stm32f4xx_hal_msp.c:327:6:HAL_TIM_Encoder_MspDeInit	8	static
../Core/Src/stm32f4xx_hal_msp.c:376:6:HAL_UART_MspInit	40	static
../Core/Src/stm32f4xx_hal_msp.c:415:6:HAL_UART_MspDeInit	8	static
