../Core/Src/main.c:651:6:StartDefaultTask	32	static
../Core/Src/main.c:1029:6:RightMotor	8	static
../Core/Src/main.c:675:6:Display	32	static
../Core/Src/main.c:699:6:LeftMotor	96	static
../Core/Src/main.c:1047:6:GyroFunc	8	static
../Core/Src/main.c:233:6:SystemClock_Config	88	static,ignoring_inline_asm
../Core/Src/main.c:128:5:main	112	static,ignoring_inline_asm
../Core/Src/main.c:625:9:is_right	0	static
../Core/Src/main.c:631:9:get_heading_error	0	static
../Core/Src/main.c:1084:6:Error_Handler	0	static,ignoring_inline_asm
