../Core/Src/main.c:133:5:main	8	static
../Core/Src/main.c:236:6:SystemClock_Config	88	static
../Core/Src/main.c:276:13:MX_I2C1_Init	8	static
../Core/Src/main.c:310:13:MX_TIM1_Init	96	static
../Core/Src/main.c:383:13:MX_TIM2_Init	56	static
../Core/Src/main.c:432:13:MX_TIM3_Init	56	static
../Core/Src/main.c:481:13:MX_TIM8_Init	96	static
../Core/Src/main.c:559:13:MX_USART3_UART_Init	8	static
../Core/Src/main.c:590:13:MX_DMA_Init	16	static
../Core/Src/main.c:608:13:MX_GPIO_Init	48	static
../Core/Src/main.c:651:9:is_right	16	static
../Core/Src/main.c:666:6:StartDefaultTask	40	static
../Core/Src/main.c:690:6:Display	40	static
../Core/Src/main.c:714:6:LeftMotor	168	static
../Core/Src/main.c:1367:6:GyroFunc	80	static
../Core/Src/main.c:1475:6:Error_Handler	4	static,ignoring_inline_asm
