main.c:118:5:main	8	static
main.c:213:6:SystemClock_Config	88	static
main.c:253:13:MX_TIM1_Init	96	static
main.c:326:13:MX_TIM2_Init	56	static
main.c:375:13:MX_TIM3_Init	56	static
main.c:424:13:MX_TIM8_Init	96	static
main.c:502:13:MX_USART3_UART_Init	8	static
main.c:535:13:MX_GPIO_Init	48	static
main.c:581:6:StartDefaultTask	40	static
main.c:604:6:Display	40	static
main.c:625:6:LeftMotor	80	static
main.c:738:6:RightMotor	80	static
main.c:849:6:EncoderL	16	static
main.c:864:6:Error_Handler	4	static,ignoring_inline_asm
