../Core/Src/main.c:131:5:main	8	static
../Core/Src/main.c:234:6:SystemClock_Config	88	static
../Core/Src/main.c:274:13:MX_I2C1_Init	8	static
../Core/Src/main.c:308:13:MX_TIM1_Init	96	static
../Core/Src/main.c:381:13:MX_TIM2_Init	56	static
../Core/Src/main.c:430:13:MX_TIM3_Init	56	static
../Core/Src/main.c:479:13:MX_TIM8_Init	96	static
../Core/Src/main.c:557:13:MX_USART3_UART_Init	8	static
../Core/Src/main.c:588:13:MX_DMA_Init	16	static
../Core/Src/main.c:606:13:MX_GPIO_Init	48	static
../Core/Src/main.c:649:9:is_right	16	static
../Core/Src/main.c:664:6:StartDefaultTask	40	static
../Core/Src/main.c:688:6:Display	40	static
../Core/Src/main.c:711:6:LeftMotor	168	static
../Core/Src/main.c:1366:6:GyroFunc	64	static
../Core/Src/main.c:1473:6:Error_Handler	4	static,ignoring_inline_asm
