main.c:142:6:delay	16	static
main.c:148:6:HAL_TIM_IC_CaptureCallback	16	static
main.c:185:6:HCSR04_Read	8	static
main.c:199:5:main	8	static
main.c:306:6:SystemClock_Config	88	static
main.c:346:13:MX_I2C1_Init	8	static
main.c:380:13:MX_TIM1_Init	96	static
main.c:453:13:MX_TIM2_Init	56	static
main.c:502:13:MX_TIM3_Init	56	static
main.c:551:13:MX_TIM4_Init	32	static
main.c:599:13:MX_TIM8_Init	96	static
main.c:677:13:MX_USART3_UART_Init	8	static
main.c:708:13:MX_DMA_Init	16	static
main.c:726:13:MX_GPIO_Init	56	static
main.c:780:9:is_right	16	static
main.c:795:6:StartDefaultTask	40	static
main.c:819:6:Display	40	static
main.c:842:6:LeftMotor	168	static
main.c:1497:6:GyroFunc	64	static
main.c:1607:6:sonic_sensor	40	static
main.c:1626:6:Error_Handler	4	static,ignoring_inline_asm
